// Jest Snapshot v1, https://goo.gl/fbAQLP

exports[`<Pill /> Should render the <Pill /> component. 1`] = `ShallowWrapper {}`;
