// Jest Snapshot v1, https://goo.gl/fbAQLP

exports[`<Content /> Should render the <Content /> component. 1`] = `ShallowWrapper {}`;
