// Jest Snapshot v1, https://goo.gl/fbAQLP

exports[`<Icon /> Should render the <Icon /> component. 1`] = `ShallowWrapper {}`;
