// Jest Snapshot v1, https://goo.gl/fbAQLP

exports[`<Indicator /> Should render the <Indicator /> component. 1`] = `ShallowWrapper {}`;
